<html>
<body>
<pre>
<h1>µVision Build Log</h1>
<h2>Tool Versions:</h2>
IDE-Version: ¦ÌVision V5.37.0.0
Copyright (C) 2022 ARM Ltd and ARM Germany GmbH. All rights reserved.
License Information: wz zhe, wz, LIC=ATTQ1-CH4T2-LQG0Q-NADUC-ZMP3Q-VL90E
 
Tool Versions:
Toolchain:       MDK-ARM Plus  Version: 5.37.0.0
Toolchain Path:  C:\Keil_v5\ARM\ARMCLANG\Bin
C Compiler:      ArmClang.exe V6.18
Assembler:       Armasm.exe V6.18
Linker/Locator:  ArmLink.exe V6.18
Library Manager: ArmAr.exe V6.18
Hex Converter:   FromElf.exe V6.18
CPU DLL:         SARMCM3.DLL V5.37.0.0
Dialog DLL:      DCM.DLL V1.17.5.0
Target DLL:      UL2CM3.DLL V1.164.7.0
Dialog DLL:      TCM.DLL V1.56.1.0
 
<h2>Project:</h2>
E:\scriptiot\evm\bsp\swm320\swm320_pikascript.uvprojx
Project File Date:  11/12/2022

<h2>Output:</h2>
*** Using Compiler 'V6.18', folder: 'C:\Keil_v5\ARM\ARMCLANG\Bin'
Build target 'SWM320'
linking...
Program Size: Code=227314 RO-data=48346 RW-data=522420 ZI-data=107044  
After Build - User command #1: fromelf --bin -o "E:\scriptiot\evm\bsp\swm320\out\firmware.bin" "E:\scriptiot\evm\bsp\swm320\out\firmware.axf"
".\out\firmware.axf" - 0 Error(s), 0 Warning(s).

<h2>Software Packages used:</h2>

Package Vendor: Synwit
                http://www.synwit.com/pack/Synwit.SWM32_DFP.1.20.12.pack
                Synwit.SWM32_DFP.1.20.12
                Synwit 32bit MCU Device Support

<h2>Collection of Component include folders:</h2>
  C:/Keil_v5/ARM/PACK/Synwit/SWM32_DFP/1.20.12/CSL/SWM320/CMSIS/DeviceSupport

<h2>Collection of Component Files used:</h2>
Build Time Elapsed:  00:00:21
</pre>
</body>
</html>
