<html>
<body>
<pre>
<h1>µVision Build Log</h1>
<h2>Tool Versions:</h2>
IDE-Version: ¦ÌVision V5.37.0.0
Copyright (C) 2022 ARM Ltd and ARM Germany GmbH. All rights reserved.
License Information: wz zhe, wz, LIC=ATTQ1-CH4T2-LQG0Q-NADUC-ZMP3Q-VL90E
 
Tool Versions:
Toolchain:       MDK-ARM Plus  Version: 5.37.0.0
Toolchain Path:  C:\Keil_v5\ARM\ARMCLANG\Bin
C Compiler:      ArmClang.exe V6.18
Assembler:       Armasm.exe V6.18
Linker/Locator:  ArmLink.exe V6.18
Library Manager: ArmAr.exe V6.18
Hex Converter:   FromElf.exe V6.18
CPU DLL:         SARMCM3.DLL V5.37.0.0
Dialog DLL:      DCM.DLL V1.17.5.0
Target DLL:      UL2CM3.DLL V1.164.7.0
Dialog DLL:      TCM.DLL V1.56.1.0
 
<h2>Project:</h2>
E:\scriptiot\evm\bsp\swm320\swm320_pikascript.uvprojx
Project File Date:  11/12/2022

<h2>Output:</h2>
*** Using Compiler 'V6.18', folder: 'C:\Keil_v5\ARM\ARMCLANG\Bin'
Build target 'SWM320'
compiling main.c...
../../engines/pikascript/evm.c(12): warning: non-void function does not return a value [-Wreturn-type]
}
^
../../engines/pikascript/evm.c(16): warning: non-void function does not return a value [-Wreturn-type]
}
^
../../engines/pikascript/evm.c(21): warning: non-void function does not return a value [-Wreturn-type]
}
^
../../engines/pikascript/evm.c(25): warning: non-void function does not return a value [-Wreturn-type]
}
^
../../engines/pikascript/evm.c(29): warning: non-void function does not return a value [-Wreturn-type]
}
^
../../engines/pikascript/evm.c(43): warning: incompatible pointer types passing 'evm_val_t' (aka 'struct Arg *') to parameter of type 'PikaObj *' (aka 'struct PikaObj *') [-Wincompatible-pointer-types]
    PikaStdData_List_set(o, v, i);
                         ^
./APP/pikascript/pikascript-api\PikaStdData_List.h(29): note: passing argument to parameter 'self' here
void PikaStdData_List_set(PikaObj *self, int i, Arg* arg);
                                   ^
../../engines/pikascript/evm.c(43): warning: incompatible pointer to integer conversion passing 'evm_val_t' (aka 'struct Arg *') to parameter of type 'int' [-Wint-conversion]
    PikaStdData_List_set(o, v, i);
                            ^
./APP/pikascript/pikascript-api\PikaStdData_List.h(29): note: passing argument to parameter 'i' here
void PikaStdData_List_set(PikaObj *self, int i, Arg* arg);
                                             ^
../../engines/pikascript/evm.c(43): warning: incompatible integer to pointer conversion passing 'int' to parameter of type 'Arg *' (aka 'struct Arg *') [-Wint-conversion]
    PikaStdData_List_set(o, v, i);
                               ^
./APP/pikascript/pikascript-api\PikaStdData_List.h(29): note: passing argument to parameter 'arg' here
void PikaStdData_List_set(PikaObj *self, int i, Arg* arg);
                                                     ^
../../engines/pikascript/evm.c(49): warning: non-void function does not return a value [-Wreturn-type]
}
^
../../engines/pikascript/evm.c(60): warning: non-void function does not return a value [-Wreturn-type]
}
^
../../engines/pikascript/evm.c(64): warning: non-void function does not return a value [-Wreturn-type]
}
^
../../engines/pikascript/evm.c(69): warning: incompatible pointer types passing 'evm_val_t' (aka 'struct Arg *') to parameter of type 'PikaObj *' (aka 'struct PikaObj *') [-Wincompatible-pointer-types]
    return PikaStdData_Dict_get(o, key);
                                ^
./APP/pikascript/pikascript-api\PikaStdData_Dict.h(29): note: passing argument to parameter 'self' here
Arg* PikaStdData_Dict_get(PikaObj *self, char* key);
                                   ^
../../engines/pikascript/evm.c(69): warning: passing 'const char *' to parameter of type 'char *' discards qualifiers [-Wincompatible-pointer-types-discards-qualifiers]
    return PikaStdData_Dict_get(o, key);
                                   ^~~
./APP/pikascript/pikascript-api\PikaStdData_Dict.h(29): note: passing argument to parameter 'key' here
Arg* PikaStdData_Dict_get(PikaObj *self, char* key);
                                               ^
../../engines/pikascript/evm.c(73): warning: incompatible pointer types passing 'evm_val_t' (aka 'struct Arg *') to parameter of type 'PikaObj *' (aka 'struct PikaObj *') [-Wincompatible-pointer-types]
    PikaStdData_Dict_set(o, v, key);
                         ^
./APP/pikascript/pikascript-api\PikaStdData_Dict.h(33): note: passing argument to parameter 'self' here
void PikaStdData_Dict_set(PikaObj *self, char* key, Arg* arg);
                                   ^
../../engines/pikascript/evm.c(73): warning: incompatible pointer types passing 'evm_val_t' (aka 'struct Arg *') to parameter of type 'char *' [-Wincompatible-pointer-types]
    PikaStdData_Dict_set(o, v, key);
                            ^
./APP/pikascript/pikascript-api\PikaStdData_Dict.h(33): note: passing argument to parameter 'key' here
void PikaStdData_Dict_set(PikaObj *self, char* key, Arg* arg);
                                               ^
../../engines/pikascript/evm.c(73): warning: incompatible pointer types passing 'const char *' to parameter of type 'Arg *' (aka 'struct Arg *') [-Wincompatible-pointer-types]
    PikaStdData_Dict_set(o, v, key);
                               ^~~
./APP/pikascript/pikascript-api\PikaStdData_Dict.h(33): note: passing argument to parameter 'arg' here
void PikaStdData_Dict_set(PikaObj *self, char* key, Arg* arg);
                                                         ^
../../engines/pikascript/evm.c(81): warning: non-void function does not return a value [-Wreturn-type]
}
^
../../engines/pikascript/evm.c(85): warning: non-void function does not return a value [-Wreturn-type]
}
^
../../engines/pikascript/evm.c(111): warning: non-void function does not return a value [-Wreturn-type]
}
^
../../engines/pikascript/evm.c(119): warning: non-void function does not return a value [-Wreturn-type]
}
^
../../engines/pikascript/evm.c(123): warning: non-void function does not return a value [-Wreturn-type]
}
^
../../engines/pikascript/evm.c(128): warning: non-void function does not return a value [-Wreturn-type]
}
^
../../engines/pikascript/evm.c(132): warning: non-void function does not return a value [-Wreturn-type]
}
^
../../engines/pikascript/evm.c(136): warning: non-void function does not return a value [-Wreturn-type]
}
^
../../engines/pikascript/evm.c(140): warning: non-void function does not return a value [-Wreturn-type]
}
^
../../engines/pikascript/evm.c(144): warning: non-void function does not return a value [-Wreturn-type]
}
^
../../engines/pikascript/evm.c(148): warning: non-void function does not return a value [-Wreturn-type]
}
^
../../engines/pikascript/evm.c(152): warning: non-void function does not return a value [-Wreturn-type]
}
^
../../engines/pikascript/evm.c(156): warning: non-void function does not return a value [-Wreturn-type]
}
^
../../engines/pikascript/evm.c(160): warning: non-void function does not return a value [-Wreturn-type]
}
^
../../engines/pikascript/evm.c(164): warning: non-void function does not return a value [-Wreturn-type]
}
^
../../engines/pikascript/evm.c(168): warning: non-void function does not return a value [-Wreturn-type]
}
^
../../engines/pikascript/evm.c(172): warning: non-void function does not return a value [-Wreturn-type]
}
^
../../engines/pikascript/evm.c(176): warning: non-void function does not return a value [-Wreturn-type]
}
^
../../engines/pikascript/evm.c(180): warning: non-void function does not return a value [-Wreturn-type]
}
^
../../engines/pikascript/evm.c(184): warning: non-void function does not return a value [-Wreturn-type]
}
^
../../engines/pikascript/evm.c(188): warning: non-void function does not return a value [-Wreturn-type]
}
^
../../engines/pikascript/evm.c(192): warning: non-void function does not return a value [-Wreturn-type]
}
^
../../engines/pikascript/evm.c(196): warning: non-void function does not return a value [-Wreturn-type]
}
^
../../engines/pikascript/evm.c(200): warning: non-void function does not return a value [-Wreturn-type]
}
^
../../engines/pikascript/evm.c(204): warning: non-void function does not return a value [-Wreturn-type]
}
^
../../engines/pikascript/evm.c(208): warning: non-void function does not return a value [-Wreturn-type]
}
^
../../engines/pikascript/evm.c(216): warning: non-void function does not return a value [-Wreturn-type]
}
^
43 warnings generated.
compiling evm.c...
linking...
Program Size: Code=227314 RO-data=48346 RW-data=522420 ZI-data=107044  
After Build - User command #1: fromelf --bin -o "E:\scriptiot\evm\bsp\swm320\out\SWM320_stdperiph_lib.bin" "E:\scriptiot\evm\bsp\swm320\out\SWM320_stdperiph_lib.axf"
".\out\SWM320_stdperiph_lib.axf" - 0 Error(s), 43 Warning(s).

<h2>Software Packages used:</h2>

Package Vendor: Synwit
                http://www.synwit.com/pack/Synwit.SWM32_DFP.1.20.12.pack
                Synwit.SWM32_DFP.1.20.12
                Synwit 32bit MCU Device Support

<h2>Collection of Component include folders:</h2>
  C:/Keil_v5/ARM/PACK/Synwit/SWM32_DFP/1.20.12/CSL/SWM320/CMSIS/DeviceSupport

<h2>Collection of Component Files used:</h2>
Build Time Elapsed:  00:00:24
</pre>
</body>
</html>
